[0.011s] Invoking command in '/home/lumos/pp_ws/build/visualization': DEBUGINFOD_URLS=https://debuginfod.ubuntu.com /usr/bin/cmake /home/lumos/pp_ws/src/visualization -DCMAKE_INSTALL_PREFIX=/home/lumos/pp_ws/install/visualization
[0.123s] -- The C compiler identification is GNU 13.3.0
[0.222s] -- The CXX compiler identification is GNU 13.3.0
[0.247s] -- Detecting C compiler ABI info
[0.350s] -- Detecting C compiler ABI info - done
[0.364s] -- Check for working C compiler: /usr/bin/cc - skipped
[0.364s] -- Detecting C compile features
[0.365s] -- Detecting C compile features - done
[0.376s] -- Detecting CXX compiler ABI info
[0.485s] -- Detecting CXX compiler ABI info - done
[0.496s] -- Check for working CXX compiler: /usr/bin/c++ - skipped
[0.496s] -- Detecting CXX compile features
[0.496s] -- Detecting CXX compile features - done
[0.500s] -- Found ament_cmake: 2.5.2 (/opt/ros/jazzy/share/ament_cmake/cmake)
[0.672s] -- Found Python3: /usr/bin/python3 (found version "3.12.3") found components: Interpreter 
[0.824s] [31mCMake Error at CMakeLists.txt:8 (install):
[0.824s]   install PROGRAMS given directory "scripts/" to install.
[0.824s] 
[0.824s] [0m
[0.904s] Error parsing '/home/lumos/pp_ws/src/visualization/package.xml':
[5.049s] Traceback (most recent call last):
[5.049s]   File "/usr/lib/python3/dist-packages/catkin_pkg/package.py", line 610, in parse_package_string
[5.049s]     root = dom.parseString(data)
[5.049s]            ^^^^^^^^^^^^^^^^^^^^^
[5.049s]   File "/usr/lib/python3.12/xml/dom/minidom.py", line 2000, in parseString
[5.050s]     return expatbuilder.parseString(string)
[5.050s]            ^^^^^^^^^^^^^^^^^^^^^^^^^^^^^^^^
[5.050s]   File "/usr/lib/python3.12/xml/dom/expatbuilder.py", line 922, in parseString
[5.050s]     return builder.parseString(string)
[5.050s]            ^^^^^^^^^^^^^^^^^^^^^^^^^^^
[5.050s]   File "/usr/lib/python3.12/xml/dom/expatbuilder.py", line 220, in parseString
[5.051s]     parser.Parse(string, True)
[5.051s] xml.parsers.expat.ExpatError: no element found: line 1, column 0
[5.051s] 
[5.051s] During handling of the above exception, another exception occurred:
[5.051s] 
[5.051s] Traceback (most recent call last):
[5.052s]   File "/opt/ros/jazzy/share/ament_cmake_core/cmake/core/package_xml_2_cmake.py", line 150, in <module>
[5.052s]     main()
[5.052s]   File "/opt/ros/jazzy/share/ament_cmake_core/cmake/core/package_xml_2_cmake.py", line 53, in main
[5.052s]     raise e
[5.052s]   File "/opt/ros/jazzy/share/ament_cmake_core/cmake/core/package_xml_2_cmake.py", line 49, in main
[5.053s]     package = parse_package_string(
[5.053s]               ^^^^^^^^^^^^^^^^^^^^^
[5.053s]   File "/usr/lib/python3/dist-packages/catkin_pkg/package.py", line 612, in parse_package_string
[5.053s]     raise InvalidPackage('The manifest contains invalid XML:\n%s' % ex, filename)
[5.053s] catkin_pkg.package.InvalidPackage: Error(s) in package '/home/lumos/pp_ws/src/visualization/package.xml':
[5.053s] The manifest contains invalid XML:
[5.054s] no element found: line 1, column 0
[5.103s] [31mCMake Error at /opt/ros/jazzy/share/ament_cmake_core/cmake/core/ament_package_xml.cmake:95 (message):
[5.103s]   execute_process(/usr/bin/python3
[5.104s]   /opt/ros/jazzy/share/ament_cmake_core/cmake/core/package_xml_2_cmake.py
[5.104s]   /home/lumos/pp_ws/src/visualization/package.xml
[5.104s]   /home/lumos/pp_ws/build/visualization/ament_cmake_core/package.cmake)
[5.104s]   returned error code 1
[5.104s] Call Stack (most recent call first):
[5.105s]   /opt/ros/jazzy/share/ament_cmake_core/cmake/core/ament_package_xml.cmake:49 (_ament_package_xml)
[5.105s]   /opt/ros/jazzy/share/ament_cmake_core/cmake/core/ament_package.cmake:63 (ament_package_xml)
[5.105s]   CMakeLists.txt:13 (ament_package)
[5.105s] 
[5.106s] [0m
[5.106s] -- Configuring incomplete, errors occurred!
